// Jest Snapshot v1, https://goo.gl/fbAQLP

exports[`Checkbox renders as expected 1`] = `
<label
  className="es-checkbox sc-bwzfXH blPwYw"
  disabled={true}
>
  <input
    aria-label={null}
    checked={true}
    className="sc-htpNat llDmUy"
    disabled={true}
    onChange={[Function]}
    onClick={[Function]}
    type="checkbox"
    value=""
  />
  <span
    className="es-checkbox__fill sc-bxivhb kynQKu"
  />
  <span
    aria-hidden={false}
    className="es-checkbox__text sc-ifAKCX kWaOTi"
  >
    Render test
  </span>
</label>
`;
