// Jest Snapshot v1, https://goo.gl/fbAQLP

exports[`tooltip component renders tooltip children 1`] = `
<span>
  <button
    aria-describedby="es-tooltip__test"
    className="es-button es-button--link es-tooltip__target sc-fjdhpX jmdgtu sc-bxivhb iExzYH sc-bdVaJa kHkNOX"
    onBlur={[Function]}
    onClick={[Function]}
    onFocus={[Function]}
    onKeyDown={[Function]}
    onMouseDown={[Function]}
    onMouseEnter={[Function]}
    onMouseLeave={[Function]}
  >
    This is the tooltip target.
  </button>
</span>
`;
