exports[`modal Body component renders as expected 1`] = `
<div
  className="Body sc-bdVaJa dVAtex">
  This is the Body.
</div>
`;
