// Jest Snapshot v1, https://goo.gl/fbAQLP

exports[`drawer renders as expected 1`] = `
<nav
  className="sc-ifAKCX kXLRTf"
>
  <ul>
    <li>
      <a
        className="home sc-bwzfXH bFUGaW"
        href="/home"
        onClick={[Function]}
      >
        <span
          className="sc-bxivhb khxFsg"
        >
          Home
        </span>
        <i
          aria-hidden={true}
          className="sc-bdVaJa cMtiSf"
          content="61f"
          fontFamily="indv-mkt-icons"
          fontSize="inherit"
        />
      </a>
    </li>
    <li>
      <a
        className="cart sc-bwzfXH bFUGaW"
        href="#/"
        onClick={[Function]}
      >
        <span
          className="sc-bxivhb khxFsg"
        >
          Cart
        </span>
        <i
          aria-hidden={true}
          className="sc-bdVaJa cMtiSf"
          content="61f"
          fontFamily="indv-mkt-icons"
          fontSize="inherit"
        />
      </a>
    </li>
    <li>
      <a
        className="external sc-bwzfXH bFUGaW"
        href="http://www.google.com"
        onClick={[Function]}
        target="_blank"
      >
        <span
          className="sc-bxivhb khxFsg"
        >
          External Link
        </span>
        <i
          aria-hidden={true}
          className="sc-bdVaJa cMtiSf"
          content="61f"
          fontFamily="indv-mkt-icons"
          fontSize="inherit"
        />
      </a>
    </li>
    <li>
      <a
        className="info sc-bwzfXH evWADI"
        href="#/"
        onClick={[Function]}
      >
        <span
          className="sc-bxivhb khxFsg"
        >
          Disabled
        </span>
        <i
          aria-hidden={true}
          className="sc-bdVaJa cMtiSf"
          content="61f"
          fontFamily="indv-mkt-icons"
          fontSize="inherit"
        />
      </a>
    </li>
  </ul>
</nav>
`;
