// Jest Snapshot v1, https://goo.gl/fbAQLP

exports[`MenuTestSuite renders as expected 1`] = `
<div
  className="es-menu test"
>
  <button
    aria-expanded={false}
    className="es-menu__toggle-button sc-ifAKCX drovqE sc-bwzfXH hJmlCu sc-bdVaJa kHkNOX"
    onClick={[Function]}
  >
    Open Menu
  </button>
  <div
    className="es-menu__panel sc-gzVnrw ZXtoB"
  >
    <header
      className="sc-dnqmqq jBxXuW"
    >
      <span>
        Small Menu
      </span>
      <button
        aria-label="Close"
        className="sc-htoDjs XrUxb sc-EHOje jHwaMP"
        onClick={[Function]}
      >
        <span
          aria-hidden="true"
        >
          Ã—
        </span>
        <span
          className="sc-bZQynM eBGzNP"
        >
          Close
        </span>
      </button>
    </header>
    <div
      className="sc-iwsKbI kyjaoD"
    >
      <section
        className="es-menu__section sc-gZMcBi ivZJCw"
      >
        <header
          aria-label="Menu Section"
          className="sc-gqjmRU fiUekS"
        >
          Menu Section
        </header>
        <section
          className="sc-VigVT frPBLq"
        >
          <a
            href="www.google.com"
          >
            Go To Google
          </a>
        </section>
      </section>
    </div>
  </div>
</div>
`;
