// Jest Snapshot v1, https://goo.gl/fbAQLP

exports[`MenuTestSuite renders as expected 1`] = `
<div
  className={undefined}
>
  <button
    className="sc-htoDjs cIGxYP sc-htpNat rWKSD sc-bwzfXH dwzega"
    onClick={[Function]}
  >
    Open Menu
  </button>
  <div
    className="sc-gZMcBi kGQLuy"
  >
    <div
      className="sc-VigVT loKTSv"
    >
      <button
        aria-label="Close"
        className="sc-gqjmRU khcNGr sc-dnqmqq hfBmFx"
        onClick={[Function]}
      >
        <span
          aria-hidden="true"
        >
          Ã—
        </span>
        <span
          className="sc-iwsKbI kiWUFw"
        >
          Close
        </span>
      </button>
    </div>
    <div
      className="sc-jTzLTM gpDRot"
    >
      <div
        className="sc-fjdhpX huHgEf"
      >
        <div
          className="sc-jzJRlG hrJpZc"
        >
          Menu Section
        </div>
        <div
          className="sc-cSHVUG GXpav"
        >
          <a
            href="www.google.com"
          >
            Go To Google
          </a>
        </div>
      </div>
    </div>
  </div>
</div>
`;
