// Jest Snapshot v1, https://goo.gl/fbAQLP

exports[`drawer component accordion renders as expected 1`] = `
<div
  className="es-drawer important sc-EHOje ixLrxb"
>
  <div
    className="es-drawer__panel first sc-bwzfXH bBIqkK"
  >
    <div
      className="es-drawer__heading"
      id="abcdef"
      role="heading"
    >
      <button
        aria-controls="abcdef"
        aria-expanded={false}
        className="sc-htpNat jDwJgO"
        onClick={[Function]}
      >
        <span>
          <i
            aria-hidden={true}
            className="es-icon sc-bxivhb bCiBaT sc-bdVaJa eTkFwb"
            content="601"
            fontFamily="indv-mkt-icons"
            fontSize="inherit"
          />
          collapse 1
        </span>
        <aside>
          side text
        </aside>
      </button>
    </div>
    <div
      aria-hidden={true}
      aria-labelledby="abcdef"
      className="rah-static rah-static--height-zero es-drawer__body sc-ifAKCX HqBXT"
      id="abcdef"
      role="region"
      style={
        Object {
          "height": 0,
          "overflow": "hidden",
        }
      }
    >
      <div>
        first
      </div>
    </div>
  </div>
  <div
    className="es-drawer__panel second sc-bwzfXH bBIqkK"
  >
    <div
      className="es-drawer__heading"
      id="abcdef"
      role="heading"
    >
      <button
        aria-controls="abcdef"
        aria-expanded={false}
        className="sc-htpNat jDwJgO"
        onClick={[Function]}
      >
        <span>
          <i
            aria-hidden={true}
            className="es-icon sc-bxivhb bCiBaT sc-bdVaJa eTkFwb"
            content="601"
            fontFamily="indv-mkt-icons"
            fontSize="inherit"
          />
          collapse 2
        </span>
        <aside />
      </button>
    </div>
    <div
      aria-hidden={true}
      aria-labelledby="abcdef"
      className="rah-static rah-static--height-zero es-drawer__body sc-ifAKCX bUSXbP"
      id="abcdef"
      role="region"
      style={
        Object {
          "height": 0,
          "overflow": "hidden",
        }
      }
    >
      <div>
        second
      </div>
    </div>
  </div>
  <div
    className="es-drawer__panel third sc-bwzfXH bBIqkK"
  >
    <div
      className="es-drawer__heading"
      id="abcdef"
      role="heading"
    >
      <button
        aria-controls="abcdef"
        aria-expanded={false}
        className="sc-htpNat jDwJgO"
        onClick={[Function]}
      >
        <span>
          <i
            aria-hidden={true}
            className="es-icon sc-bxivhb bCiBaT sc-bdVaJa eTkFwb"
            content="601"
            fontFamily="indv-mkt-icons"
            fontSize="inherit"
          />
          collapse 3
        </span>
        <aside />
      </button>
    </div>
    <div
      aria-hidden={true}
      aria-labelledby="abcdef"
      className="rah-static rah-static--height-zero es-drawer__body sc-ifAKCX HqBXT"
      id="abcdef"
      role="region"
      style={
        Object {
          "height": 0,
          "overflow": "hidden",
        }
      }
    >
      <div>
        third
      </div>
    </div>
  </div>
</div>
`;

exports[`drawer component drawer renders as expected 1`] = `
<div
  className="es-drawer important sc-EHOje ixLrxb"
>
  <div
    className="es-drawer__panel first sc-bwzfXH bBIqkK"
  >
    <div
      className="es-drawer__heading"
      id="abcdef"
      role="heading"
    >
      <button
        aria-controls="abcdef"
        aria-expanded={false}
        className="sc-htpNat jDwJgO"
        onClick={[Function]}
      >
        <span>
          <i
            aria-hidden={true}
            className="es-icon sc-bxivhb bCiBaT sc-bdVaJa eTkFwb"
            content="601"
            fontFamily="indv-mkt-icons"
            fontSize="inherit"
          />
          collapse 1
        </span>
        <aside>
          side text
        </aside>
      </button>
    </div>
    <div
      aria-hidden={true}
      aria-labelledby="abcdef"
      className="rah-static rah-static--height-zero es-drawer__body sc-ifAKCX HqBXT"
      id="abcdef"
      role="region"
      style={
        Object {
          "height": 0,
          "overflow": "hidden",
        }
      }
    >
      <div>
        first
      </div>
    </div>
  </div>
  <div
    className="es-drawer__panel second sc-bwzfXH bBIqkK"
  >
    <div
      className="es-drawer__heading"
      id="abcdef"
      role="heading"
    >
      <button
        aria-controls="abcdef"
        aria-expanded={false}
        className="sc-htpNat jDwJgO"
        onClick={[Function]}
      >
        <span>
          <i
            aria-hidden={true}
            className="es-icon sc-bxivhb bCiBaT sc-bdVaJa eTkFwb"
            content="601"
            fontFamily="indv-mkt-icons"
            fontSize="inherit"
          />
          collapse 2
        </span>
        <aside />
      </button>
    </div>
    <div
      aria-hidden={true}
      aria-labelledby="abcdef"
      className="rah-static rah-static--height-zero es-drawer__body sc-ifAKCX bUSXbP"
      id="abcdef"
      role="region"
      style={
        Object {
          "height": 0,
          "overflow": "hidden",
        }
      }
    >
      <div>
        second
      </div>
    </div>
  </div>
  <div
    className="es-drawer__panel third sc-bwzfXH bBIqkK"
  >
    <div
      className="es-drawer__heading"
      id="abcdef"
      role="heading"
    >
      <button
        aria-controls="abcdef"
        aria-expanded={false}
        className="sc-htpNat jDwJgO"
        onClick={[Function]}
      >
        <span>
          <i
            aria-hidden={true}
            className="es-icon sc-bxivhb bCiBaT sc-bdVaJa eTkFwb"
            content="601"
            fontFamily="indv-mkt-icons"
            fontSize="inherit"
          />
          collapse 3
        </span>
        <aside />
      </button>
    </div>
    <div
      aria-hidden={true}
      aria-labelledby="abcdef"
      className="rah-static rah-static--height-zero es-drawer__body sc-ifAKCX HqBXT"
      id="abcdef"
      role="region"
      style={
        Object {
          "height": 0,
          "overflow": "hidden",
        }
      }
    >
      <div>
        third
      </div>
    </div>
  </div>
</div>
`;
